[www.mrova.com/onePageResume/index.html]
[backblue.gif]
[fade.gif]
[index.html]
[www.mrova.com/onePageResume/favicon.ico]
[www.mrova.com/onePageResume/apple-touch-icon-precomposed.png]
[www.mrova.com/onePageResume/apple-touch-icon-72x72-precomposed.png]
[www.mrova.com/onePageResume/apple-touch-icon-114x114-precomposed.png]
[www.mrova.com/onePageResume/apple-touch-icon-144x144-precomposed.png]
[netdna.bootstrapcdn.com/font-awesome/3.2.1/css/font-awesome.css]
[www.mrova.com/onePageResume/css/normalize.min.css]
[www.mrova.com/onePageResume/css/main.css]
[ajax.googleapis.com/ajax/libs/jquery/1.10.1/jquery.min.js]
[www.mrova.com/onePageResume/js/vendor/jquery.hashchange.min.js]
[www.mrova.com/onePageResume/js/vendor/jquery.easytabs.min.js]
[www.mrova.com/onePageResume/js/main.js]
[www.mrova.com/onePageResume/js/vendor/jquery-1.10.1.min.js]
[www.mrova.com/onePageResume/index.html]
[netdna.bootstrapcdn.com/font-awesome/3.2.1/css/font-awesome.css]
[www.mrova.com/onePageResume/css/normalize.min.css]
[www.mrova.com/wp-content/uploads/2013/06/floor.jpg]
[www.mrova.com/onePageResume/css/main.css]
[fbcdn-sphotos-e-a.akamaihd.net/hphotos-ak-frc1/582546_344156198979857_678123957_n.html]
